---
source: ranger/tests/deployers.rs
expression: validated_deployer_groups
---
default:
  machiners:
    my_cool_machiner_one: "http://some-host:some-port"
    my_cool_machiner_two: "http://some-host:some-port"
  switchers: {}
  templaters: {}
my_cool_machiner_group_one:
  machiners:
    my_cool_machiner_one: "http://some-host:some-port"
    my_cool_machiner_two: "http://some-host:some-port"
  switchers: {}
  templaters: {}
my_cool_machiner_group_two:
  machiners:
    my_cool_machiner_one: "http://some-host:some-port"
  switchers: {}
  templaters: {}

